// Jest Snapshot v1, https://goo.gl/fbAQLP

exports[`GET / Accept: text/html redirects to /offers 1`] = `"Redirecting to <a href=\\"/offers\\">/offers</a>."`;

exports[`GET /offers Accept: text/html renders offers 1`] = `"<!DOCTYPE html><html lang=\\"en\\"><head><meta charset=\\"utf-8\\"><meta http-equiv=\\"x-ua-compatible\\" content=\\"ie=edge\\"><meta name=\\"viewport\\" content=\\"width=device-width, initial-scale=1, shrink-to-fit=no\\"><title>Offers | gpus.midgar.fr</title></head><body><main><form><label for=\\"store\\">Store</label><select id=\\"store\\" name=\\"store\\"><option value=\\"\\">All</option><option value=\\"ldlc\\">LDLC</option><option value=\\"materielnet\\">Materiel.net</option><option value=\\"nvidia\\">Nvidia</option></select><label for=\\"name\\">Name</label><input type=\\"text\\" id=\\"name\\" name=\\"name\\"><label for=\\"status\\">Status</label><select id=\\"status\\" name=\\"status\\"><option value=\\"\\">All</option><option value=\\"available\\">Available</option><option value=\\"unavailable\\">Unavailable</option><option value=\\"unknown\\">Unknown</option></select><button type=\\"submit\\">Search</button></form><table><thead><tr><th>Store</th><th>Name</th><th>Price</th><th>Status</th></tr></thead><tbody><tr><td>nvidia</td><td>NVIDIA GEFORCE RTX 3080</td><td>€719.00</td><td>unavailable</td></tr><tr><td>nvidia</td><td>NVIDIA GEFORCE RTX 3090</td><td>€1,549.00</td><td>unavailable</td></tr><tr><td>ldlc</td><td><a href=\\"https://www.ldlc.com/fiche/PB00375431.html\\" target=\\"_blank\\" rel=\\"noopener noreferrer\\">ASUS GeForce ROG STRIX RTX 3080 O10G GAMING</a></td><td>€1,099.95</td><td>unavailable</td></tr><tr><td>ldlc</td><td><a href=\\"https://www.ldlc.com/fiche/PB00369849.html\\" target=\\"_blank\\" rel=\\"noopener noreferrer\\">ASUS GeForce ROG STRIX RTX 3090 O24G GAMING</a></td><td>€1,949.95</td><td>unavailable</td></tr></tbody></table></main></body></html>"`;

exports[`GET /offers?store&name Accept: text/html renders offers 1`] = `"<!DOCTYPE html><html lang=\\"en\\"><head><meta charset=\\"utf-8\\"><meta http-equiv=\\"x-ua-compatible\\" content=\\"ie=edge\\"><meta name=\\"viewport\\" content=\\"width=device-width, initial-scale=1, shrink-to-fit=no\\"><title>Offers | gpus.midgar.fr</title></head><body><main><form><label for=\\"store\\">Store</label><select id=\\"store\\" name=\\"store\\"><option value=\\"\\">All</option><option value=\\"ldlc\\">LDLC</option><option value=\\"materielnet\\">Materiel.net</option><option value=\\"nvidia\\" selected>Nvidia</option></select><label for=\\"name\\">Name</label><input type=\\"text\\" id=\\"name\\" name=\\"name\\" value=\\"rtx 3090\\"><label for=\\"status\\">Status</label><select id=\\"status\\" name=\\"status\\"><option value=\\"\\">All</option><option value=\\"available\\">Available</option><option value=\\"unavailable\\">Unavailable</option><option value=\\"unknown\\">Unknown</option></select><button type=\\"submit\\">Search</button></form><table><thead><tr><th>Store</th><th>Name</th><th>Price</th><th>Status</th></tr></thead><tbody><tr><td>nvidia</td><td>NVIDIA GEFORCE RTX 3090</td><td>€1,549.00</td><td>unavailable</td></tr></tbody></table></main></body></html>"`;
